2026-05-26 00:08:08 | ERROR    | backend.database | get_db:62 | Database session error: (psycopg.errors.UndefinedColumn) column users.preferred_range does not exist
LINE 1: ...word_hash, users.email_verified, users.allowance, users.pref...
                                                             ^
[SQL: SELECT users.id, users.name, users.first_name, users.last_name, users.gender, users.email, users.password_hash, users.email_verified, users.allowance, users.preferred_range, users.custom_range_start, users.custom_range_end 
FROM users 
WHERE users.email = %(email_1)s::VARCHAR]
[parameters: {'email_1': 'debbieofficial214@gmail.com'}]
(Background on this error at: https://sqlalche.me/e/20/f405)
2026-05-26 00:08:08 | ERROR    | main | log_requests:78 | Request failed: method=POST path=/api/auth/login error=(psycopg.errors.UndefinedColumn) column users.preferred_range does not exist
LINE 1: ...word_hash, users.email_verified, users.allowance, users.pref...
                                                             ^
[SQL: SELECT users.id, users.name, users.first_name, users.last_name, users.gender, users.email, users.password_hash, users.email_verified, users.allowance, users.preferred_range, users.custom_range_start, users.custom_range_end 
FROM users 
WHERE users.email = %(email_1)s::VARCHAR]
[parameters: {'email_1': 'debbieofficial214@gmail.com'}]
(Background on this error at: https://sqlalche.me/e/20/f405) duration=0.019s
Traceback (most recent call last):
  File "/Users/best/Desktop/student-expense/venv/lib/python3.14/site-packages/sqlalchemy/engine/base.py", line 1967, in _exec_single_context
    self.dialect.do_execute(
    ~~~~~~~~~~~~~~~~~~~~~~~^
        cursor, str_statement, effective_parameters, context
        ^^^^^^^^^^^^^^^^^^^^^^^^^^^^^^^^^^^^^^^^^^^^^^^^^^^^
    )
    ^
  File "/Users/best/Desktop/student-expense/venv/lib/python3.14/site-packages/sqlalchemy/engine/default.py", line 941, in do_execute
    cursor.execute(statement, parameters)
    ~~~~~~~~~~~~~~^^^^^^^^^^^^^^^^^^^^^^^
  File "/Users/best/Desktop/student-expense/venv/lib/python3.14/site-packages/psycopg/cursor.py", line 97, in execute
    raise ex.with_traceback(None)
psycopg.errors.UndefinedColumn: column users.preferred_range does not exist
LINE 1: ...word_hash, users.email_verified, users.allowance, users.pref...
                                                             ^

The above exception was the direct cause of the following exception:

Traceback (most recent call last):
  File "/Users/best/Desktop/student-expense/backend/main.py", line 66, in log_requests
    response = await call_next(request)
               ^^^^^^^^^^^^^^^^^^^^^^^^
  File "/Users/best/Desktop/student-expense/venv/lib/python3.14/site-packages/starlette/middleware/base.py", line 163, in call_next
    raise app_exc
  File "/Users/best/Desktop/student-expense/venv/lib/python3.14/site-packages/starlette/middleware/base.py", line 149, in coro
    await self.app(scope, receive_or_disconnect, send_no_error)
  File "/Users/best/Desktop/student-expense/venv/lib/python3.14/site-packages/starlette/middleware/cors.py", line 93, in __call__
    await self.simple_response(scope, receive, send, request_headers=headers)
  File "/Users/best/Desktop/student-expense/venv/lib/python3.14/site-packages/starlette/middleware/cors.py", line 144, in simple_response
    await self.app(scope, receive, send)
  File "/Users/best/Desktop/student-expense/venv/lib/python3.14/site-packages/starlette/middleware/exceptions.py", line 62, in __call__
    await wrap_app_handling_exceptions(self.app, conn)(scope, receive, send)
  File "/Users/best/Desktop/student-expense/venv/lib/python3.14/site-packages/starlette/_exception_handler.py", line 53, in wrapped_app
    raise exc
  File "/Users/best/Desktop/student-expense/venv/lib/python3.14/site-packages/starlette/_exception_handler.py", line 42, in wrapped_app
    await app(scope, receive, sender)
  File "/Users/best/Desktop/student-expense/venv/lib/python3.14/site-packages/starlette/routing.py", line 715, in __call__
    await self.middleware_stack(scope, receive, send)
  File "/Users/best/Desktop/student-expense/venv/lib/python3.14/site-packages/starlette/routing.py", line 735, in app
    await route.handle(scope, receive, send)
  File "/Users/best/Desktop/student-expense/venv/lib/python3.14/site-packages/starlette/routing.py", line 288, in handle
    await self.app(scope, receive, send)
  File "/Users/best/Desktop/student-expense/venv/lib/python3.14/site-packages/starlette/routing.py", line 76, in app
    await wrap_app_handling_exceptions(app, request)(scope, receive, send)
  File "/Users/best/Desktop/student-expense/venv/lib/python3.14/site-packages/starlette/_exception_handler.py", line 53, in wrapped_app
    raise exc
  File "/Users/best/Desktop/student-expense/venv/lib/python3.14/site-packages/starlette/_exception_handler.py", line 42, in wrapped_app
    await app(scope, receive, sender)
  File "/Users/best/Desktop/student-expense/venv/lib/python3.14/site-packages/starlette/routing.py", line 73, in app
    response = await f(request)
               ^^^^^^^^^^^^^^^^
  File "/Users/best/Desktop/student-expense/venv/lib/python3.14/site-packages/fastapi/routing.py", line 301, in app
    raw_response = await run_endpoint_function(
                   ^^^^^^^^^^^^^^^^^^^^^^^^^^^^
    ...<3 lines>...
    )
    ^
  File "/Users/best/Desktop/student-expense/venv/lib/python3.14/site-packages/fastapi/routing.py", line 214, in run_endpoint_function
    return await run_in_threadpool(dependant.call, **values)
           ^^^^^^^^^^^^^^^^^^^^^^^^^^^^^^^^^^^^^^^^^^^^^^^^^
  File "/Users/best/Desktop/student-expense/venv/lib/python3.14/site-packages/starlette/concurrency.py", line 39, in run_in_threadpool
    return await anyio.to_thread.run_sync(func, *args)
           ^^^^^^^^^^^^^^^^^^^^^^^^^^^^^^^^^^^^^^^^^^^
  File "/Users/best/Desktop/student-expense/venv/lib/python3.14/site-packages/anyio/to_thread.py", line 63, in run_sync
    return await get_async_backend().run_sync_in_worker_thread(
           ^^^^^^^^^^^^^^^^^^^^^^^^^^^^^^^^^^^^^^^^^^^^^^^^^^^^
        func, args, abandon_on_cancel=abandon_on_cancel, limiter=limiter
        ^^^^^^^^^^^^^^^^^^^^^^^^^^^^^^^^^^^^^^^^^^^^^^^^^^^^^^^^^^^^^^^^
    )
    ^
  File "/Users/best/Desktop/student-expense/venv/lib/python3.14/site-packages/anyio/_backends/_asyncio.py", line 2518, in run_sync_in_worker_thread
    return await future
           ^^^^^^^^^^^^
  File "/Users/best/Desktop/student-expense/venv/lib/python3.14/site-packages/anyio/_backends/_asyncio.py", line 1002, in run
    result = context.run(func, *args)
  File "/Users/best/Desktop/student-expense/backend/main.py", line 152, in login
    user = authenticate_user(db, payload.email, payload.password)
  File "/Users/best/Desktop/student-expense/backend/auth.py", line 104, in authenticate_user
    user = db.scalar(select(models.User).where(models.User.email == normalized_email))
  File "/Users/best/Desktop/student-expense/venv/lib/python3.14/site-packages/sqlalchemy/orm/session.py", line 2410, in scalar
    return self._execute_internal(
           ~~~~~~~~~~~~~~~~~~~~~~^
        statement,
        ^^^^^^^^^^
    ...<4 lines>...
        **kw,
        ^^^^^
    )
    ^
  File "/Users/best/Desktop/student-expense/venv/lib/python3.14/site-packages/sqlalchemy/orm/session.py", line 2247, in _execute_internal
    result: Result[Any] = compile_state_cls.orm_execute_statement(
                          ~~~~~~~~~~~~~~~~~~~~~~~~~~~~~~~~~~~~~~~^
        self,
        ^^^^^
    ...<4 lines>...
        conn,
        ^^^^^
    )
    ^
  File "/Users/best/Desktop/student-expense/venv/lib/python3.14/site-packages/sqlalchemy/orm/context.py", line 305, in orm_execute_statement
    result = conn.execute(
        statement, params or {}, execution_options=execution_options
    )
  File "/Users/best/Desktop/student-expense/venv/lib/python3.14/site-packages/sqlalchemy/engine/base.py", line 1418, in execute
    return meth(
        self,
        distilled_parameters,
        execution_options or NO_OPTIONS,
    )
  File "/Users/best/Desktop/student-expense/venv/lib/python3.14/site-packages/sqlalchemy/sql/elements.py", line 515, in _execute_on_connection
    return connection._execute_clauseelement(
           ~~~~~~~~~~~~~~~~~~~~~~~~~~~~~~~~~^
        self, distilled_params, execution_options
        ^^^^^^^^^^^^^^^^^^^^^^^^^^^^^^^^^^^^^^^^^
    )
    ^
  File "/Users/best/Desktop/student-expense/venv/lib/python3.14/site-packages/sqlalchemy/engine/base.py", line 1640, in _execute_clauseelement
    ret = self._execute_context(
        dialect,
    ...<8 lines>...
        cache_hit=cache_hit,
    )
  File "/Users/best/Desktop/student-expense/venv/lib/python3.14/site-packages/sqlalchemy/engine/base.py", line 1846, in _execute_context
    return self._exec_single_context(
           ~~~~~~~~~~~~~~~~~~~~~~~~~^
        dialect, context, statement, parameters
        ^^^^^^^^^^^^^^^^^^^^^^^^^^^^^^^^^^^^^^^
    )
    ^
  File "/Users/best/Desktop/student-expense/venv/lib/python3.14/site-packages/sqlalchemy/engine/base.py", line 1986, in _exec_single_context
    self._handle_dbapi_exception(
    ~~~~~~~~~~~~~~~~~~~~~~~~~~~~^
        e, str_statement, effective_parameters, cursor, context
        ^^^^^^^^^^^^^^^^^^^^^^^^^^^^^^^^^^^^^^^^^^^^^^^^^^^^^^^
    )
    ^
  File "/Users/best/Desktop/student-expense/venv/lib/python3.14/site-packages/sqlalchemy/engine/base.py", line 2355, in _handle_dbapi_exception
    raise sqlalchemy_exception.with_traceback(exc_info[2]) from e
  File "/Users/best/Desktop/student-expense/venv/lib/python3.14/site-packages/sqlalchemy/engine/base.py", line 1967, in _exec_single_context
    self.dialect.do_execute(
    ~~~~~~~~~~~~~~~~~~~~~~~^
        cursor, str_statement, effective_parameters, context
        ^^^^^^^^^^^^^^^^^^^^^^^^^^^^^^^^^^^^^^^^^^^^^^^^^^^^
    )
    ^
  File "/Users/best/Desktop/student-expense/venv/lib/python3.14/site-packages/sqlalchemy/engine/default.py", line 941, in do_execute
    cursor.execute(statement, parameters)
    ~~~~~~~~~~~~~~^^^^^^^^^^^^^^^^^^^^^^^
  File "/Users/best/Desktop/student-expense/venv/lib/python3.14/site-packages/psycopg/cursor.py", line 97, in execute
    raise ex.with_traceback(None)
sqlalchemy.exc.ProgrammingError: (psycopg.errors.UndefinedColumn) column users.preferred_range does not exist
LINE 1: ...word_hash, users.email_verified, users.allowance, users.pref...
                                                             ^
[SQL: SELECT users.id, users.name, users.first_name, users.last_name, users.gender, users.email, users.password_hash, users.email_verified, users.allowance, users.preferred_range, users.custom_range_start, users.custom_range_end 
FROM users 
WHERE users.email = %(email_1)s::VARCHAR]
[parameters: {'email_1': 'debbieofficial214@gmail.com'}]
(Background on this error at: https://sqlalche.me/e/20/f405)
2026-05-26 00:08:19 | ERROR    | backend.database | get_db:62 | Database session error: (psycopg.errors.UndefinedColumn) column users.preferred_range does not exist
LINE 1: ...word_hash, users.email_verified, users.allowance, users.pref...
                                                             ^
[SQL: SELECT users.id, users.name, users.first_name, users.last_name, users.gender, users.email, users.password_hash, users.email_verified, users.allowance, users.preferred_range, users.custom_range_start, users.custom_range_end 
FROM users 
WHERE users.email = %(email_1)s::VARCHAR]
[parameters: {'email_1': 'debbieofficial214@gmail.com'}]
(Background on this error at: https://sqlalche.me/e/20/f405)
2026-05-26 00:08:19 | ERROR    | main | log_requests:78 | Request failed: method=POST path=/api/auth/login error=(psycopg.errors.UndefinedColumn) column users.preferred_range does not exist
LINE 1: ...word_hash, users.email_verified, users.allowance, users.pref...
                                                             ^
[SQL: SELECT users.id, users.name, users.first_name, users.last_name, users.gender, users.email, users.password_hash, users.email_verified, users.allowance, users.preferred_range, users.custom_range_start, users.custom_range_end 
FROM users 
WHERE users.email = %(email_1)s::VARCHAR]
[parameters: {'email_1': 'debbieofficial214@gmail.com'}]
(Background on this error at: https://sqlalche.me/e/20/f405) duration=0.019s
Traceback (most recent call last):
  File "/Users/best/Desktop/student-expense/venv/lib/python3.14/site-packages/sqlalchemy/engine/base.py", line 1967, in _exec_single_context
    self.dialect.do_execute(
    ~~~~~~~~~~~~~~~~~~~~~~~^
        cursor, str_statement, effective_parameters, context
        ^^^^^^^^^^^^^^^^^^^^^^^^^^^^^^^^^^^^^^^^^^^^^^^^^^^^
    )
    ^
  File "/Users/best/Desktop/student-expense/venv/lib/python3.14/site-packages/sqlalchemy/engine/default.py", line 941, in do_execute
    cursor.execute(statement, parameters)
    ~~~~~~~~~~~~~~^^^^^^^^^^^^^^^^^^^^^^^
  File "/Users/best/Desktop/student-expense/venv/lib/python3.14/site-packages/psycopg/cursor.py", line 97, in execute
    raise ex.with_traceback(None)
psycopg.errors.UndefinedColumn: column users.preferred_range does not exist
LINE 1: ...word_hash, users.email_verified, users.allowance, users.pref...
                                                             ^

The above exception was the direct cause of the following exception:

Traceback (most recent call last):
  File "/Users/best/Desktop/student-expense/backend/main.py", line 66, in log_requests
    response = await call_next(request)
               ^^^^^^^^^^^^^^^^^^^^^^^^
  File "/Users/best/Desktop/student-expense/venv/lib/python3.14/site-packages/starlette/middleware/base.py", line 163, in call_next
    raise app_exc
  File "/Users/best/Desktop/student-expense/venv/lib/python3.14/site-packages/starlette/middleware/base.py", line 149, in coro
    await self.app(scope, receive_or_disconnect, send_no_error)
  File "/Users/best/Desktop/student-expense/venv/lib/python3.14/site-packages/starlette/middleware/cors.py", line 93, in __call__
    await self.simple_response(scope, receive, send, request_headers=headers)
  File "/Users/best/Desktop/student-expense/venv/lib/python3.14/site-packages/starlette/middleware/cors.py", line 144, in simple_response
    await self.app(scope, receive, send)
  File "/Users/best/Desktop/student-expense/venv/lib/python3.14/site-packages/starlette/middleware/exceptions.py", line 62, in __call__
    await wrap_app_handling_exceptions(self.app, conn)(scope, receive, send)
  File "/Users/best/Desktop/student-expense/venv/lib/python3.14/site-packages/starlette/_exception_handler.py", line 53, in wrapped_app
    raise exc
  File "/Users/best/Desktop/student-expense/venv/lib/python3.14/site-packages/starlette/_exception_handler.py", line 42, in wrapped_app
    await app(scope, receive, sender)
  File "/Users/best/Desktop/student-expense/venv/lib/python3.14/site-packages/starlette/routing.py", line 715, in __call__
    await self.middleware_stack(scope, receive, send)
  File "/Users/best/Desktop/student-expense/venv/lib/python3.14/site-packages/starlette/routing.py", line 735, in app
    await route.handle(scope, receive, send)
  File "/Users/best/Desktop/student-expense/venv/lib/python3.14/site-packages/starlette/routing.py", line 288, in handle
    await self.app(scope, receive, send)
  File "/Users/best/Desktop/student-expense/venv/lib/python3.14/site-packages/starlette/routing.py", line 76, in app
    await wrap_app_handling_exceptions(app, request)(scope, receive, send)
  File "/Users/best/Desktop/student-expense/venv/lib/python3.14/site-packages/starlette/_exception_handler.py", line 53, in wrapped_app
    raise exc
  File "/Users/best/Desktop/student-expense/venv/lib/python3.14/site-packages/starlette/_exception_handler.py", line 42, in wrapped_app
    await app(scope, receive, sender)
  File "/Users/best/Desktop/student-expense/venv/lib/python3.14/site-packages/starlette/routing.py", line 73, in app
    response = await f(request)
               ^^^^^^^^^^^^^^^^
  File "/Users/best/Desktop/student-expense/venv/lib/python3.14/site-packages/fastapi/routing.py", line 301, in app
    raw_response = await run_endpoint_function(
                   ^^^^^^^^^^^^^^^^^^^^^^^^^^^^
    ...<3 lines>...
    )
    ^
  File "/Users/best/Desktop/student-expense/venv/lib/python3.14/site-packages/fastapi/routing.py", line 214, in run_endpoint_function
    return await run_in_threadpool(dependant.call, **values)
           ^^^^^^^^^^^^^^^^^^^^^^^^^^^^^^^^^^^^^^^^^^^^^^^^^
  File "/Users/best/Desktop/student-expense/venv/lib/python3.14/site-packages/starlette/concurrency.py", line 39, in run_in_threadpool
    return await anyio.to_thread.run_sync(func, *args)
           ^^^^^^^^^^^^^^^^^^^^^^^^^^^^^^^^^^^^^^^^^^^
  File "/Users/best/Desktop/student-expense/venv/lib/python3.14/site-packages/anyio/to_thread.py", line 63, in run_sync
    return await get_async_backend().run_sync_in_worker_thread(
           ^^^^^^^^^^^^^^^^^^^^^^^^^^^^^^^^^^^^^^^^^^^^^^^^^^^^
        func, args, abandon_on_cancel=abandon_on_cancel, limiter=limiter
        ^^^^^^^^^^^^^^^^^^^^^^^^^^^^^^^^^^^^^^^^^^^^^^^^^^^^^^^^^^^^^^^^
    )
    ^
  File "/Users/best/Desktop/student-expense/venv/lib/python3.14/site-packages/anyio/_backends/_asyncio.py", line 2518, in run_sync_in_worker_thread
    return await future
           ^^^^^^^^^^^^
  File "/Users/best/Desktop/student-expense/venv/lib/python3.14/site-packages/anyio/_backends/_asyncio.py", line 1002, in run
    result = context.run(func, *args)
  File "/Users/best/Desktop/student-expense/backend/main.py", line 152, in login
    user = authenticate_user(db, payload.email, payload.password)
  File "/Users/best/Desktop/student-expense/backend/auth.py", line 104, in authenticate_user
    user = db.scalar(select(models.User).where(models.User.email == normalized_email))
  File "/Users/best/Desktop/student-expense/venv/lib/python3.14/site-packages/sqlalchemy/orm/session.py", line 2410, in scalar
    return self._execute_internal(
           ~~~~~~~~~~~~~~~~~~~~~~^
        statement,
        ^^^^^^^^^^
    ...<4 lines>...
        **kw,
        ^^^^^
    )
    ^
  File "/Users/best/Desktop/student-expense/venv/lib/python3.14/site-packages/sqlalchemy/orm/session.py", line 2247, in _execute_internal
    result: Result[Any] = compile_state_cls.orm_execute_statement(
                          ~~~~~~~~~~~~~~~~~~~~~~~~~~~~~~~~~~~~~~~^
        self,
        ^^^^^
    ...<4 lines>...
        conn,
        ^^^^^
    )
    ^
  File "/Users/best/Desktop/student-expense/venv/lib/python3.14/site-packages/sqlalchemy/orm/context.py", line 305, in orm_execute_statement
    result = conn.execute(
        statement, params or {}, execution_options=execution_options
    )
  File "/Users/best/Desktop/student-expense/venv/lib/python3.14/site-packages/sqlalchemy/engine/base.py", line 1418, in execute
    return meth(
        self,
        distilled_parameters,
        execution_options or NO_OPTIONS,
    )
  File "/Users/best/Desktop/student-expense/venv/lib/python3.14/site-packages/sqlalchemy/sql/elements.py", line 515, in _execute_on_connection
    return connection._execute_clauseelement(
           ~~~~~~~~~~~~~~~~~~~~~~~~~~~~~~~~~^
        self, distilled_params, execution_options
        ^^^^^^^^^^^^^^^^^^^^^^^^^^^^^^^^^^^^^^^^^
    )
    ^
  File "/Users/best/Desktop/student-expense/venv/lib/python3.14/site-packages/sqlalchemy/engine/base.py", line 1640, in _execute_clauseelement
    ret = self._execute_context(
        dialect,
    ...<8 lines>...
        cache_hit=cache_hit,
    )
  File "/Users/best/Desktop/student-expense/venv/lib/python3.14/site-packages/sqlalchemy/engine/base.py", line 1846, in _execute_context
    return self._exec_single_context(
           ~~~~~~~~~~~~~~~~~~~~~~~~~^
        dialect, context, statement, parameters
        ^^^^^^^^^^^^^^^^^^^^^^^^^^^^^^^^^^^^^^^
    )
    ^
  File "/Users/best/Desktop/student-expense/venv/lib/python3.14/site-packages/sqlalchemy/engine/base.py", line 1986, in _exec_single_context
    self._handle_dbapi_exception(
    ~~~~~~~~~~~~~~~~~~~~~~~~~~~~^
        e, str_statement, effective_parameters, cursor, context
        ^^^^^^^^^^^^^^^^^^^^^^^^^^^^^^^^^^^^^^^^^^^^^^^^^^^^^^^
    )
    ^
  File "/Users/best/Desktop/student-expense/venv/lib/python3.14/site-packages/sqlalchemy/engine/base.py", line 2355, in _handle_dbapi_exception
    raise sqlalchemy_exception.with_traceback(exc_info[2]) from e
  File "/Users/best/Desktop/student-expense/venv/lib/python3.14/site-packages/sqlalchemy/engine/base.py", line 1967, in _exec_single_context
    self.dialect.do_execute(
    ~~~~~~~~~~~~~~~~~~~~~~~^
        cursor, str_statement, effective_parameters, context
        ^^^^^^^^^^^^^^^^^^^^^^^^^^^^^^^^^^^^^^^^^^^^^^^^^^^^
    )
    ^
  File "/Users/best/Desktop/student-expense/venv/lib/python3.14/site-packages/sqlalchemy/engine/default.py", line 941, in do_execute
    cursor.execute(statement, parameters)
    ~~~~~~~~~~~~~~^^^^^^^^^^^^^^^^^^^^^^^
  File "/Users/best/Desktop/student-expense/venv/lib/python3.14/site-packages/psycopg/cursor.py", line 97, in execute
    raise ex.with_traceback(None)
sqlalchemy.exc.ProgrammingError: (psycopg.errors.UndefinedColumn) column users.preferred_range does not exist
LINE 1: ...word_hash, users.email_verified, users.allowance, users.pref...
                                                             ^
[SQL: SELECT users.id, users.name, users.first_name, users.last_name, users.gender, users.email, users.password_hash, users.email_verified, users.allowance, users.preferred_range, users.custom_range_start, users.custom_range_end 
FROM users 
WHERE users.email = %(email_1)s::VARCHAR]
[parameters: {'email_1': 'debbieofficial214@gmail.com'}]
(Background on this error at: https://sqlalche.me/e/20/f405)
2026-05-26 00:21:39 | ERROR    | backend.database | get_db:62 | Database session error: 401: Invalid email or password
2026-05-28 11:54:30 | ERROR    | backend.database | get_db:67 | Database session error: 1 validation errors:
  {'type': 'model_attributes_type', 'loc': ('response', 'settings'), 'msg': 'Input should be a valid dictionary or object to extract fields from', 'input': None}

2026-05-28 11:54:30 | ERROR    | main | log_requests:82 | Request failed: method=GET path=/api/state error=1 validation errors:
  {'type': 'model_attributes_type', 'loc': ('response', 'settings'), 'msg': 'Input should be a valid dictionary or object to extract fields from', 'input': None}
 duration=0.010s
Traceback (most recent call last):
  File "/Users/best/Desktop/student-expense/venv/lib/python3.14/site-packages/starlette/middleware/base.py", line 157, in call_next
    message = await recv_stream.receive()
              ^^^^^^^^^^^^^^^^^^^^^^^^^^^
  File "/Users/best/Desktop/student-expense/venv/lib/python3.14/site-packages/anyio/streams/memory.py", line 132, in receive
    raise EndOfStream from None
anyio.EndOfStream

During handling of the above exception, another exception occurred:

Traceback (most recent call last):
  File "/Users/best/Desktop/student-expense/backend/main.py", line 70, in log_requests
    response = await call_next(request)
               ^^^^^^^^^^^^^^^^^^^^^^^^
  File "/Users/best/Desktop/student-expense/venv/lib/python3.14/site-packages/starlette/middleware/base.py", line 163, in call_next
    raise app_exc
  File "/Users/best/Desktop/student-expense/venv/lib/python3.14/site-packages/starlette/middleware/base.py", line 149, in coro
    await self.app(scope, receive_or_disconnect, send_no_error)
  File "/Users/best/Desktop/student-expense/venv/lib/python3.14/site-packages/starlette/middleware/cors.py", line 93, in __call__
    await self.simple_response(scope, receive, send, request_headers=headers)
  File "/Users/best/Desktop/student-expense/venv/lib/python3.14/site-packages/starlette/middleware/cors.py", line 144, in simple_response
    await self.app(scope, receive, send)
  File "/Users/best/Desktop/student-expense/venv/lib/python3.14/site-packages/starlette/middleware/exceptions.py", line 62, in __call__
    await wrap_app_handling_exceptions(self.app, conn)(scope, receive, send)
  File "/Users/best/Desktop/student-expense/venv/lib/python3.14/site-packages/starlette/_exception_handler.py", line 53, in wrapped_app
    raise exc
  File "/Users/best/Desktop/student-expense/venv/lib/python3.14/site-packages/starlette/_exception_handler.py", line 42, in wrapped_app
    await app(scope, receive, sender)
  File "/Users/best/Desktop/student-expense/venv/lib/python3.14/site-packages/starlette/routing.py", line 715, in __call__
    await self.middleware_stack(scope, receive, send)
  File "/Users/best/Desktop/student-expense/venv/lib/python3.14/site-packages/starlette/routing.py", line 735, in app
    await route.handle(scope, receive, send)
  File "/Users/best/Desktop/student-expense/venv/lib/python3.14/site-packages/starlette/routing.py", line 288, in handle
    await self.app(scope, receive, send)
  File "/Users/best/Desktop/student-expense/venv/lib/python3.14/site-packages/starlette/routing.py", line 76, in app
    await wrap_app_handling_exceptions(app, request)(scope, receive, send)
  File "/Users/best/Desktop/student-expense/venv/lib/python3.14/site-packages/starlette/_exception_handler.py", line 53, in wrapped_app
    raise exc
  File "/Users/best/Desktop/student-expense/venv/lib/python3.14/site-packages/starlette/_exception_handler.py", line 42, in wrapped_app
    await app(scope, receive, sender)
  File "/Users/best/Desktop/student-expense/venv/lib/python3.14/site-packages/starlette/routing.py", line 73, in app
    response = await f(request)
               ^^^^^^^^^^^^^^^^
  File "/Users/best/Desktop/student-expense/venv/lib/python3.14/site-packages/fastapi/routing.py", line 327, in app
    content = await serialize_response(
              ^^^^^^^^^^^^^^^^^^^^^^^^^
    ...<9 lines>...
    )
    ^
  File "/Users/best/Desktop/student-expense/venv/lib/python3.14/site-packages/fastapi/routing.py", line 176, in serialize_response
    raise ResponseValidationError(
        errors=_normalize_errors(errors), body=response_content
    )
fastapi.exceptions.ResponseValidationError: 1 validation errors:
  {'type': 'model_attributes_type', 'loc': ('response', 'settings'), 'msg': 'Input should be a valid dictionary or object to extract fields from', 'input': None}

2026-05-28 14:20:15 | ERROR    | backend.database | get_db:67 | Database session error: 1 validation errors:
  {'type': 'model_attributes_type', 'loc': ('response', 'settings'), 'msg': 'Input should be a valid dictionary or object to extract fields from', 'input': None}

2026-05-28 14:20:15 | ERROR    | main | log_requests:82 | Request failed: method=GET path=/api/state error=1 validation errors:
  {'type': 'model_attributes_type', 'loc': ('response', 'settings'), 'msg': 'Input should be a valid dictionary or object to extract fields from', 'input': None}
 duration=0.013s
Traceback (most recent call last):
  File "/Users/best/Desktop/student-expense/venv/lib/python3.14/site-packages/starlette/middleware/base.py", line 157, in call_next
    message = await recv_stream.receive()
              ^^^^^^^^^^^^^^^^^^^^^^^^^^^
  File "/Users/best/Desktop/student-expense/venv/lib/python3.14/site-packages/anyio/streams/memory.py", line 132, in receive
    raise EndOfStream from None
anyio.EndOfStream

During handling of the above exception, another exception occurred:

Traceback (most recent call last):
  File "/Users/best/Desktop/student-expense/backend/main.py", line 70, in log_requests
    response = await call_next(request)
               ^^^^^^^^^^^^^^^^^^^^^^^^
  File "/Users/best/Desktop/student-expense/venv/lib/python3.14/site-packages/starlette/middleware/base.py", line 163, in call_next
    raise app_exc
  File "/Users/best/Desktop/student-expense/venv/lib/python3.14/site-packages/starlette/middleware/base.py", line 149, in coro
    await self.app(scope, receive_or_disconnect, send_no_error)
  File "/Users/best/Desktop/student-expense/venv/lib/python3.14/site-packages/starlette/middleware/cors.py", line 93, in __call__
    await self.simple_response(scope, receive, send, request_headers=headers)
  File "/Users/best/Desktop/student-expense/venv/lib/python3.14/site-packages/starlette/middleware/cors.py", line 144, in simple_response
    await self.app(scope, receive, send)
  File "/Users/best/Desktop/student-expense/venv/lib/python3.14/site-packages/starlette/middleware/exceptions.py", line 62, in __call__
    await wrap_app_handling_exceptions(self.app, conn)(scope, receive, send)
  File "/Users/best/Desktop/student-expense/venv/lib/python3.14/site-packages/starlette/_exception_handler.py", line 53, in wrapped_app
    raise exc
  File "/Users/best/Desktop/student-expense/venv/lib/python3.14/site-packages/starlette/_exception_handler.py", line 42, in wrapped_app
    await app(scope, receive, sender)
  File "/Users/best/Desktop/student-expense/venv/lib/python3.14/site-packages/starlette/routing.py", line 715, in __call__
    await self.middleware_stack(scope, receive, send)
  File "/Users/best/Desktop/student-expense/venv/lib/python3.14/site-packages/starlette/routing.py", line 735, in app
    await route.handle(scope, receive, send)
  File "/Users/best/Desktop/student-expense/venv/lib/python3.14/site-packages/starlette/routing.py", line 288, in handle
    await self.app(scope, receive, send)
  File "/Users/best/Desktop/student-expense/venv/lib/python3.14/site-packages/starlette/routing.py", line 76, in app
    await wrap_app_handling_exceptions(app, request)(scope, receive, send)
  File "/Users/best/Desktop/student-expense/venv/lib/python3.14/site-packages/starlette/_exception_handler.py", line 53, in wrapped_app
    raise exc
  File "/Users/best/Desktop/student-expense/venv/lib/python3.14/site-packages/starlette/_exception_handler.py", line 42, in wrapped_app
    await app(scope, receive, sender)
  File "/Users/best/Desktop/student-expense/venv/lib/python3.14/site-packages/starlette/routing.py", line 73, in app
    response = await f(request)
               ^^^^^^^^^^^^^^^^
  File "/Users/best/Desktop/student-expense/venv/lib/python3.14/site-packages/fastapi/routing.py", line 327, in app
    content = await serialize_response(
              ^^^^^^^^^^^^^^^^^^^^^^^^^
    ...<9 lines>...
    )
    ^
  File "/Users/best/Desktop/student-expense/venv/lib/python3.14/site-packages/fastapi/routing.py", line 176, in serialize_response
    raise ResponseValidationError(
        errors=_normalize_errors(errors), body=response_content
    )
fastapi.exceptions.ResponseValidationError: 1 validation errors:
  {'type': 'model_attributes_type', 'loc': ('response', 'settings'), 'msg': 'Input should be a valid dictionary or object to extract fields from', 'input': None}

2026-05-28 14:22:33 | ERROR    | backend.database | get_db:67 | Database session error: 1 validation errors:
  {'type': 'model_attributes_type', 'loc': ('response', 'settings'), 'msg': 'Input should be a valid dictionary or object to extract fields from', 'input': None}

2026-05-28 14:22:33 | ERROR    | main | log_requests:82 | Request failed: method=GET path=/api/state error=1 validation errors:
  {'type': 'model_attributes_type', 'loc': ('response', 'settings'), 'msg': 'Input should be a valid dictionary or object to extract fields from', 'input': None}
 duration=0.006s
Traceback (most recent call last):
  File "/Users/best/Desktop/student-expense/venv/lib/python3.14/site-packages/starlette/middleware/base.py", line 157, in call_next
    message = await recv_stream.receive()
              ^^^^^^^^^^^^^^^^^^^^^^^^^^^
  File "/Users/best/Desktop/student-expense/venv/lib/python3.14/site-packages/anyio/streams/memory.py", line 132, in receive
    raise EndOfStream from None
anyio.EndOfStream

During handling of the above exception, another exception occurred:

Traceback (most recent call last):
  File "/Users/best/Desktop/student-expense/backend/main.py", line 70, in log_requests
    response = await call_next(request)
               ^^^^^^^^^^^^^^^^^^^^^^^^
  File "/Users/best/Desktop/student-expense/venv/lib/python3.14/site-packages/starlette/middleware/base.py", line 163, in call_next
    raise app_exc
  File "/Users/best/Desktop/student-expense/venv/lib/python3.14/site-packages/starlette/middleware/base.py", line 149, in coro
    await self.app(scope, receive_or_disconnect, send_no_error)
  File "/Users/best/Desktop/student-expense/venv/lib/python3.14/site-packages/starlette/middleware/cors.py", line 93, in __call__
    await self.simple_response(scope, receive, send, request_headers=headers)
  File "/Users/best/Desktop/student-expense/venv/lib/python3.14/site-packages/starlette/middleware/cors.py", line 144, in simple_response
    await self.app(scope, receive, send)
  File "/Users/best/Desktop/student-expense/venv/lib/python3.14/site-packages/starlette/middleware/exceptions.py", line 62, in __call__
    await wrap_app_handling_exceptions(self.app, conn)(scope, receive, send)
  File "/Users/best/Desktop/student-expense/venv/lib/python3.14/site-packages/starlette/_exception_handler.py", line 53, in wrapped_app
    raise exc
  File "/Users/best/Desktop/student-expense/venv/lib/python3.14/site-packages/starlette/_exception_handler.py", line 42, in wrapped_app
    await app(scope, receive, sender)
  File "/Users/best/Desktop/student-expense/venv/lib/python3.14/site-packages/starlette/routing.py", line 715, in __call__
    await self.middleware_stack(scope, receive, send)
  File "/Users/best/Desktop/student-expense/venv/lib/python3.14/site-packages/starlette/routing.py", line 735, in app
    await route.handle(scope, receive, send)
  File "/Users/best/Desktop/student-expense/venv/lib/python3.14/site-packages/starlette/routing.py", line 288, in handle
    await self.app(scope, receive, send)
  File "/Users/best/Desktop/student-expense/venv/lib/python3.14/site-packages/starlette/routing.py", line 76, in app
    await wrap_app_handling_exceptions(app, request)(scope, receive, send)
  File "/Users/best/Desktop/student-expense/venv/lib/python3.14/site-packages/starlette/_exception_handler.py", line 53, in wrapped_app
    raise exc
  File "/Users/best/Desktop/student-expense/venv/lib/python3.14/site-packages/starlette/_exception_handler.py", line 42, in wrapped_app
    await app(scope, receive, sender)
  File "/Users/best/Desktop/student-expense/venv/lib/python3.14/site-packages/starlette/routing.py", line 73, in app
    response = await f(request)
               ^^^^^^^^^^^^^^^^
  File "/Users/best/Desktop/student-expense/venv/lib/python3.14/site-packages/fastapi/routing.py", line 327, in app
    content = await serialize_response(
              ^^^^^^^^^^^^^^^^^^^^^^^^^
    ...<9 lines>...
    )
    ^
  File "/Users/best/Desktop/student-expense/venv/lib/python3.14/site-packages/fastapi/routing.py", line 176, in serialize_response
    raise ResponseValidationError(
        errors=_normalize_errors(errors), body=response_content
    )
fastapi.exceptions.ResponseValidationError: 1 validation errors:
  {'type': 'model_attributes_type', 'loc': ('response', 'settings'), 'msg': 'Input should be a valid dictionary or object to extract fields from', 'input': None}

